// Jest Snapshot v1, https://goo.gl/fbAQLP

exports[`<App /> should render the same snapshot 1`] = `
<View
  collapsable={false}
  style={
    Object {
      "flex": 1,
    }
  }
/>
`;
