// Jest Snapshot v1, https://goo.gl/fbAQLP

exports[`<TipsPage /> should match the snapshot 1`] = `
<ForwardRef(View)>
  <withTheme(List.Accordion)
    title="test title"
  >
    <withTheme(Card)>
      <Card.Content>
        <Paragraph>
          test contents
        </Paragraph>
      </Card.Content>
    </withTheme(Card)>
  </withTheme(List.Accordion)>
</ForwardRef(View)>
`;
