// Jest Snapshot v1, https://goo.gl/fbAQLP

exports[`<ConfirmationDialog /> should match the snapshot 1`] = `
<ForwardRef(View)
  style={
    Object {
      "alignItems": "center",
      "flex": 1,
      "justifyContent": "center",
    }
  }
>
  <Component
    animationType="fade"
    hardwareAccelerated={false}
    onRequestClose={[MockFunction]}
    supportedOrientations={
      Array [
        "portrait",
      ]
    }
    transparent={true}
    visible={true}
  >
    <ForwardRef(View)
      style={
        Array [
          Object {
            "alignItems": "center",
            "flex": 1,
            "justifyContent": "center",
          },
          Object {
            "backgroundColor": "rgba(0, 0, 0, 0.5)",
          },
        ]
      }
    >
      <ForwardRef(View)
        style={
          Array [
            Object {
              "backgroundColor": "#FFF",
              "borderRadius": 4,
              "paddingHorizontal": "5%",
            },
            Object {
              "flex": 0.2,
              "width": "60%",
            },
          ]
        }
      >
        <ForwardRef(View)
          style={
            Object {
              "borderTopLeftRadius": 4,
              "borderTopRightRadius": 4,
              "flex": 0.5,
              "paddingTop": "5%",
            }
          }
        >
          <ForwardRef(View)>
            <withTheme(Text)
              style={
                Object {
                  "color": "#E07926",
                  "fontFamily": "lato-bold",
                  "fontSize": 24,
                  "marginBottom": "3%",
                }
              }
            >
              completedStatus
            </withTheme(Text)>
            <withTheme(Text)
              style={
                Array [
                  Object {
                    "fontSize": 16,
                  },
                ]
              }
            >
              completedClipboard
            </withTheme(Text)>
          </ForwardRef(View)>
        </ForwardRef(View)>
        <ForwardRef(View)
          style={
            Array [
              Object {
                "alignItems": "center",
                "alignSelf": "center",
                "borderColor": "#212A59",
                "borderRadius": 4,
                "borderWidth": 1,
                "flex": 0.3333333333333333,
                "flexDirection": "row",
              },
              Object {
                "width": undefined,
              },
            ]
          }
        >
          <TextInput
            accessibilityLabel="Generated password"
            allowFontScaling={true}
            editable={false}
            secureTextEntry={true}
            style={
              Object {
                "color": "#212A59",
                "flex": 1,
                "fontFamily": "lato-regular",
                "fontSize": 16,
                "paddingLeft": "3%",
              }
            }
            underlineColorAndroid="transparent"
          >
            12345678
          </TextInput>
          <withTheme(IconButton)
            color="#212A59"
            icon="visibility-off"
            onPress={[Function]}
          />
        </ForwardRef(View)>
        <ForwardRef(View)
          style={
            Object {
              "alignSelf": "flex-end",
              "flex": 0.5,
              "justifyContent": "center",
            }
          }
        >
          <withTheme(Button)
            accessibilityLabel="Press to start over"
            contentStyle={
              Object {
                "width": "auto",
              }
            }
            mode="text"
            onPress={[Function]}
            testID="start-over-button"
            theme={
              Object {
                "colors": Object {
                  "text": "#212A59",
                },
                "fonts": Object {
                  "regular": "lato-bold",
                },
              }
            }
          >
            <withTheme(Text)>
              button
            </withTheme(Text)>
          </withTheme(Button)>
        </ForwardRef(View)>
      </ForwardRef(View)>
    </ForwardRef(View)>
  </Component>
</ForwardRef(View)>
`;
