// Jest Snapshot v1, https://goo.gl/fbAQLP

exports[`<CustomCheckbox /> should match the snapshot 1`] = `
<TouchableOpacity
  activeOpacity={0.2}
>
  <ForwardRef(View)
    style={
      Object {
        "alignItems": "center",
        "borderColor": "#212A59",
        "borderRadius": 3,
        "borderWidth": 3,
        "display": "flex",
        "height": 30,
        "justifyContent": "space-around",
        "marginRight": 20,
        "width": 30,
      }
    }
  />
</TouchableOpacity>
`;
