// Jest Snapshot v1, https://goo.gl/fbAQLP

exports[`<FlowScreen /> should render the same snapshot 1`] = `
<ForwardRef(View)>
  <withTheme(Card)>
    <withTheme(Button)
      mode="contained"
      onPress={[Function]}
    >
<<<<<<< HEAD
      Old password flow
=======
      oldPasswordFlow
>>>>>>> update snaps
    </withTheme(Button)>
    <withTheme(Button)
      mode="contained"
      onPress={[Function]}
    >
<<<<<<< HEAD
      New password flow
=======
      newPasswordFlow
>>>>>>> update snaps
    </withTheme(Button)>
  </withTheme(Card)>
</ForwardRef(View)>
`;
