// Jest Snapshot v1, https://goo.gl/fbAQLP

exports[`<PasswordGenerator /> should match the existing snapshot 1`] = `
<ForwardRef(View)
  style={
    Object {
      "alignItems": "center",
      "justifyContent": "center",
    }
  }
>
  <FormInput
    componentType="label"
    handleChange={[Function]}
    handleInputFocus={[Function]}
    handleInputVisibility={[Function]}
    label="nickname"
    placeholderText={null}
    prompt="nicknameLabel"
    value=""
    visibility={false}
  />
  <FormInput
    componentType="password"
    handleChange={[Function]}
    handleInputFocus={[Function]}
    handleInputVisibility={[Function]}
    inputRef={[Function]}
    label="password"
    placeholderText={null}
    prompt="masterPassword"
    value=""
    visibility={false}
  />
  <withTheme(Button)
    accessibilityLabel="CREATE ACCOUNT PASSWORD BUTTON"
    dark={true}
    disabled={true}
    mode="contained"
    onPress={[Function]}
    style={
      Object {
        "marginTop": 27,
      }
    }
    testID="submit-create-password"
  >
    submitMessage
  </withTheme(Button)>
  <LoadNamespace(ConfirmationDialog)
    clearForm={[Function]}
    closeModal={[Function]}
    generatedPassword=""
    visible={false}
  />
</ForwardRef(View)>
`;
