// Jest Snapshot v1, https://goo.gl/fbAQLP

exports[`<BaseNotification /> should match the existing snapshot 1`] = `
<withTheme(Card)>
  <Card.Content>
    <withTheme(Text)>
      Testing message
    </withTheme(Text)>
  </Card.Content>
</withTheme(Card)>
`;
